yarn run v1.22.22
$ npx dotenv -e .env.better-auth -- next dev -p 3008
npm warn Unknown env config "version-git-tag". This will stop working in the next major version of npm. See `npm help npmrc` for supported config options.
npm warn Unknown env config "argv". This will stop working in the next major version of npm. See `npm help npmrc` for supported config options.
npm warn Unknown env config "version-commit-hooks". This will stop working in the next major version of npm. See `npm help npmrc` for supported config options.
npm warn Unknown env config "cache-folder". This will stop working in the next major version of npm. See `npm help npmrc` for supported config options.
npm warn Unknown env config "version-git-message". This will stop working in the next major version of npm. See `npm help npmrc` for supported config options.
npm warn Unknown env config "version-tag-prefix". This will stop working in the next major version of npm. See `npm help npmrc` for supported config options.
- event [next-runtime-env] read environment variables prefixed with 'NEXT_PUBLIC_' from process.env.
- ready [next-runtime-env] wrote browser runtime environment variables to '/Users/jack/typescript/helicone/web/public/__ENV.js'.
- event [next-runtime-env] read environment variables prefixed with 'NEXT_PUBLIC_' from process.env.
- ready [next-runtime-env] wrote browser runtime environment variables to '/Users/jack/typescript/helicone/web/public/__ENV.js'.
  ▲ Next.js 14.2.31
  - Local:        http://localhost:3008

 ✓ Starting...
 ✓ Ready in 1776ms
 ○ Compiling / ...
 ✓ Compiled / in 2.4s (760 modules)
 ✓ Compiled in 195ms (760 modules)
(node:82945) Warning: `--localstorage-file` was provided without a valid path
(Use `node --trace-warnings ...` to show where the warning was created)
 GET / 307 in 2807ms
Done in 176.28s.
